C51 COMPILER V7.50   VAR                                                                   03/09/2017 16:51:51 PAGE 1   


C51 COMPILER V7.50, COMPILATION OF MODULE VAR
OBJECT MODULE PLACED IN .\output\var.obj
COMPILER INVOKED BY: C:\Keil\C51\BIN\C51.EXE src\var.c BROWSE INCDIR(C:\Documents and Settings\Administrator\桌面\xmj\en
                    -v_monitoring\inc\) DEBUG OBJECTEXTEND PRINT(.\list\var.lst) OBJECT(.\output\var.obj)

line level    source

   1          #include"mydefine.h"
   2          uchar time_cnt; //值会被修改  不准
   3          bit B1s;
   4          bit B20ms;
   5          
   6          uchar second;
   7          uchar mod_key_cnt;
   8          uchar postion_cnt;
   9          uchar modify_falg; //修改标志位
  10          uchar speaker_type; 
  11          uchar speaker_state;
  12          uchar save_flag;
  13          
  14          


MODULE INFORMATION:   STATIC OVERLAYABLE
   CODE SIZE        =   ----    ----
   CONSTANT SIZE    =   ----    ----
   XDATA SIZE       =   ----    ----
   PDATA SIZE       =   ----    ----
   DATA SIZE        =      8    ----
   IDATA SIZE       =   ----    ----
   BIT SIZE         =      2    ----
END OF MODULE INFORMATION.


C51 COMPILATION COMPLETE.  0 WARNING(S),  0 ERROR(S)
